// Jest Snapshot v1, https://goo.gl/fbAQLP

exports[`Tests on <JournalEntry /> should render correctly 1`] = `
<div
  className="journal__entry animate__animated animate__fadeIn animate__faster"
  onClick={[Function]}
>
  <div
    className="journal__entry-picture"
    style={
      Object {
        "backgroundImage": "url(https://someplace.com/pic.jpg)",
        "backgroundSize": "cover",
      }
    }
  />
  <div
    className="journal__entry-body"
  >
    <p
      className="journal__entry-title"
    >
      Hola
    </p>
    <p
      className="journal__entry-content"
    >
      Mundo
    </p>
  </div>
  <div
    className="journal_entry-datebox"
  >
    <span>
      Wednesday
    </span>
    <h4>
      31
    </h4>
  </div>
</div>
`;
